// Jest Snapshot v1, https://goo.gl/fbAQLP

exports[`<SelectedBroadcasterDragAndDrop /> should render component 1`] = `
<View
  style={
    {
      "marginTop": 16,
    }
  }
>
  <Text
    style={
      {
        "color": "#18224C",
        "fontSize": 15,
        "fontWeight": "500",
        "marginBottom": 8,
      }
    }
  >
    Coloque em ordem crescente qual veiculo de noticia você prefere:
  </Text>
  <View
    style={
      {
        "display": "flex",
        "flexDirection": "row",
        "flexWrap": "wrap",
        "gap": 4,
      }
    }
  >
    <View
      accessibilityState={
        {
          "busy": undefined,
          "checked": undefined,
          "disabled": undefined,
          "expanded": undefined,
          "selected": undefined,
        }
      }
      accessibilityValue={
        {
          "max": undefined,
          "min": undefined,
          "now": undefined,
          "text": undefined,
        }
      }
      accessible={true}
      collapsable={false}
      focusable={false}
      onClick={[Function]}
      onResponderGrant={[Function]}
      onResponderMove={[Function]}
      onResponderRelease={[Function]}
      onResponderTerminate={[Function]}
      onResponderTerminationRequest={[Function]}
      onStartShouldSetResponder={[Function]}
      style={
        {
          "backgroundColor": "#DFE4EA",
          "color": "#18224C",
          "fontFamily": " -apple-system, BlinkMacSystemFont, Segoe UI, Roboto, Helvetica, Arial, sans-serif",
          "fontSize": 13,
          "fontWeight": "400",
          "opacity": 1,
          "padding": 16,
        }
      }
    >
      CNN Brasil
    </View>
    <View
      accessibilityState={
        {
          "busy": undefined,
          "checked": undefined,
          "disabled": undefined,
          "expanded": undefined,
          "selected": undefined,
        }
      }
      accessibilityValue={
        {
          "max": undefined,
          "min": undefined,
          "now": undefined,
          "text": undefined,
        }
      }
      accessible={true}
      collapsable={false}
      focusable={false}
      onClick={[Function]}
      onResponderGrant={[Function]}
      onResponderMove={[Function]}
      onResponderRelease={[Function]}
      onResponderTerminate={[Function]}
      onResponderTerminationRequest={[Function]}
      onStartShouldSetResponder={[Function]}
      style={
        {
          "backgroundColor": "#DFE4EA",
          "color": "#18224C",
          "fontFamily": " -apple-system, BlinkMacSystemFont, Segoe UI, Roboto, Helvetica, Arial, sans-serif",
          "fontSize": 13,
          "fontWeight": "400",
          "opacity": 1,
          "padding": 16,
        }
      }
    >
      Folha de São Paulo
    </View>
    <View
      accessibilityState={
        {
          "busy": undefined,
          "checked": undefined,
          "disabled": undefined,
          "expanded": undefined,
          "selected": undefined,
        }
      }
      accessibilityValue={
        {
          "max": undefined,
          "min": undefined,
          "now": undefined,
          "text": undefined,
        }
      }
      accessible={true}
      collapsable={false}
      focusable={false}
      onClick={[Function]}
      onResponderGrant={[Function]}
      onResponderMove={[Function]}
      onResponderRelease={[Function]}
      onResponderTerminate={[Function]}
      onResponderTerminationRequest={[Function]}
      onStartShouldSetResponder={[Function]}
      style={
        {
          "backgroundColor": "#DFE4EA",
          "color": "#18224C",
          "fontFamily": " -apple-system, BlinkMacSystemFont, Segoe UI, Roboto, Helvetica, Arial, sans-serif",
          "fontSize": 13,
          "fontWeight": "400",
          "opacity": 1,
          "padding": 16,
        }
      }
    >
      Estado de Minas
    </View>
  </View>
</View>
`;
