// Jest Snapshot v1, https://goo.gl/fbAQLP

exports[`<EmptyMessage /> should render component 1`] = `
<View
  style={
    {
      "alignItems": "center",
      "flex": 1,
      "justifyContent": "center",
      "padding": 20,
    }
  }
>
  <Text
    style={
      {
        "color": "#666",
        "fontSize": 16,
      }
    }
  >
    Jest test
  </Text>
</View>
`;
